FAILED: ParseException line 1:16 cannot recognize input near 'src' 'change' 'key' in column type
