PREHOOK: query: create table testTable(col1 int, col2 int)
PREHOOK: type: CREATETABLE
POSTHOOK: query: create table testTable(col1 int, col2 int)
POSTHOOK: type: CREATETABLE
POSTHOOK: Output: default@testTable
FAILED: ParseException line 4:26 cannot recognize input near 'testTable' 'set' 'tblproperties' in specifying key/value property
